$ next build
/usr/bin/bash: line 1: next: command not found
error: script "build" exited with code 127
